hello thet
C:\Users\wai phyoe aung\Desktop>git clone https://github.com/thet-paing-htwe/thet.git
Cloning into 'thet'...
remote: Enumerating objects: 3, done.
remote: Counting objects: 100% (3/3), done.
remote: Total 3 (delta 0), reused 3 (delta 0), pack-reused 0
Unpacking objects: 100% (3/3), done.

C:\Users\wai phyoe aung\Desktop>cd thet

C:\Users\wai phyoe aung\Desktop\thet>git status
On branch master
Your branch is up to date with 'origin/master'.

Untracked files:
  (use "git add <file>..." to include in what will be committed)
        waiphyo1.txt

nothing added to commit but untracked files present (use "git add" to track)

C:\Users\wai phyoe aung\Desktop\thet>git add .

C:\Users\wai phyoe aung\Desktop\thet>git checkout -b waiphyo
Switched to a new branch 'waiphyo'
A       waiphyo1.txt

C:\Users\wai phyoe aung\Desktop\thet>git status
On branch waiphyo
Changes to be committed:
  (use "git restore --staged <file>..." to unstage)
        new file:   waiphyo1.txt


C:\Users\wai phyoe aung\Desktop\thet>git add .

C:\Users\wai phyoe aung\Desktop\thet>git commit -m "waiyan"
[waiphyo 860f382] waiyan
 1 file changed, 1 insertion(+)
 create mode 100644 waiphyo1.txt

C:\Users\wai phyoe aung\Desktop\thet>git push -u origin waiphyo
Enumerating objects: 4, done.
Counting objects: 100% (4/4), done.
Delta compression using up to 4 threads
Compressing objects: 100% (2/2), done.
Writing objects: 100% (3/3), 288 bytes | 288.00 KiB/s, done.
Total 3 (delta 0), reused 0 (delta 0)
remote:
remote: Create a pull request for 'waiphyo' on GitHub by visiting:
remote:      https://github.com/thet-paing-htwe/thet/pull/new/waiphyo
remote:
To https://github.com/thet-paing-htwe/thet.git
 * [new branch]      waiphyo -> waiphyo
Branch 'waiphyo' set up to track remote branch 'waiphyo' from 'origin'.

C:\Users\wai phyoe aung\Desktop\thet>

C:\Users\wai phyoe aung\Desktop\thet>